src/components/dashboard/CreateSectionModal.tsx(15,1): error TS6192: All imports in import declaration are unused.
src/components/dashboard/CreateSectionModal.tsx(16,28): error TS6133: 'Eye' is declared but its value is never read.
src/components/layout/footer.tsx(1,1): error TS6133: 'React' is declared but its value is never read.
src/components/layout/Layout.tsx(1,1): error TS6133: 'React' is declared but its value is never read.
src/components/layout/navbar.tsx(55,10): error TS6133: 'showLoginModal' is declared but its value is never read.
src/components/layout/navbar.tsx(56,10): error TS6133: 'showRegisterModal' is declared but its value is never read.
src/components/section/CalendarPicker.tsx(77,9): error TS6133: 'renderDayCell' is declared but its value is never read.
src/components/section/PieChart.tsx(34,3): error TS6133: 'showValues' is declared but its value is never read.
src/components/section/PieChart.tsx(183,11): error TS6133: 'radius' is declared but its value is never read.
src/hooks/useAuth.tsx(1,78): error TS1484: 'ReactNode' is a type and must be imported using a type-only import when 'verbatimModuleSyntax' is enabled.
src/pages/Dashboard.tsx(1,8): error TS6133: 'React' is declared but its value is never read.
src/pages/Dashboard.tsx(17,1): error TS6133: 'ProfileSetupModal' is declared but its value is never read.
src/pages/Dashboard.tsx(62,10): error TS6133: 'showProfileSetupModal' is declared but its value is never read.
src/pages/Homepage.tsx(1,1): error TS6133: 'React' is declared but its value is never read.
src/pages/Homepage.tsx(2,1): error TS6133: 'Link' is declared but its value is never read.
src/pages/SectionPage.tsx(1,8): error TS6133: 'React' is declared but its value is never read.
